// Jest Snapshot v1, https://goo.gl/fbAQLP

exports[`matches snapshot 1`] = `
<DocumentFragment>
  <div>
    <div>
      <textarea />
      <p>
        Maximum length: 500
        <br />
        0/500
      </p>
    </div>
    <button>
      Submit
    </button>
  </div>
</DocumentFragment>
`;
