// Jest Snapshot v1, https://goo.gl/fbAQLP

exports[`matches snapshot 1`] = `
<DocumentFragment>
  <div
    class="container col-md-6 offset-md-3 col-lg-4 offset-lg-4"
  >
    <div
      class="container text-center"
      id="app-name"
    >
      <h1>
        NATIONAL SCENIC BYWAYS
      </h1>
    </div>
    <h3
      class="mb-3"
    >
      Sign Up
    </h3>
    <div
      class="card"
    >
      <div
        class="card-body"
      >
        <form>
          <div
            class="form-group"
          >
            <label>
              Username
            </label>
            <input
              class="form-control"
              name="username"
              value=""
            />
            <div
              class="form-group"
            >
              <label>
                Password
              </label>
              <input
                class="form-control"
                name="password"
                type="password"
                value=""
              />
            </div>
            <div
              class="form-group"
            >
              <label>
                First name
              </label>
              <input
                class="form-control"
                name="firstName"
                value=""
              />
            </div>
            <div
              class="form-group"
            >
              <label>
                Last Name
              </label>
              <input
                class="form-control"
                name="lastName"
                value=""
              />
            </div>
            <div
              class="form-group"
            >
              <label>
                Email
              </label>
              <input
                class="form-control"
                name="email"
                type="email"
                value=""
              />
            </div>
          </div>
          <button
            class="btn btn-primary float-right"
            type="submit"
          >
            Submit
          </button>
        </form>
      </div>
    </div>
  </div>
</DocumentFragment>
`;
