// Jest Snapshot v1, https://goo.gl/fbAQLP

exports[`matches snapshot 1`] = `
<DocumentFragment>
  <div>
    <label>
      <input
        type="checkbox"
        value=""
      />
    </label>
  </div>
</DocumentFragment>
`;
