// Jest Snapshot v1, https://goo.gl/fbAQLP

exports[`matches snapshot 1`] = `
<DocumentFragment>
  <div>
    <div
      class="all-searches"
    >
      <form
        class="byway-name-search"
      >
        <p>
          Search byways by name
        </p>
        <label
          for="searchTerm"
        >
          Byway Name:
        </label>
        <input
          name="searchTerm"
          placeholder="Enter search term.."
          value=""
        />
        <button
          type="submit"
        >
          Submit
        </button>
      </form>
    </div>
    <div
      class="not-name-searches"
    >
      <form>
        <p>
          Search byways by length. The longest of America's BywaysÂ® is the Alaska Marine Highway at 3500 miles!
        </p>
        <label
          for="minLength"
        >
          Minimum Byway Length:
        </label>
        <input
          name="minLength"
          placeholder="how many miles?"
          value="0"
        />
        <label
          for="maxLength"
        >
          Maximum Byway Length:
        </label>
        <input
          name="maxLength"
          placeholder="how many miles?"
          value=""
        />
        <p>
          Search byways by geographic features. You'll see byways that contain all entered criteria.
        </p>
        <div>
          <div
            class="single-checkbox"
          >
            <label
              for="canyon"
            >
              canyon
            </label>
            <div>
              <label>
                <input
                  name="canyon"
                  type="checkbox"
                  value="canyon"
                />
              </label>
            </div>
          </div>
          <div
            class="single-checkbox"
          >
            <label
              for="coastline"
            >
              coastline
            </label>
            <div>
              <label>
                <input
                  name="coastline"
                  type="checkbox"
                  value="coastline"
                />
              </label>
            </div>
          </div>
          <div
            class="single-checkbox"
          >
            <label
              for="desert"
            >
              desert
            </label>
            <div>
              <label>
                <input
                  name="desert"
                  type="checkbox"
                  value="desert"
                />
              </label>
            </div>
          </div>
          <div
            class="single-checkbox"
          >
            <label
              for="forest"
            >
              forest
            </label>
            <div>
              <label>
                <input
                  name="forest"
                  type="checkbox"
                  value="forest"
                />
              </label>
            </div>
          </div>
          <div
            class="single-checkbox"
          >
            <label
              for="grasslands"
            >
              grasslands
            </label>
            <div>
              <label>
                <input
                  name="grasslands"
                  type="checkbox"
                  value="grasslands"
                />
              </label>
            </div>
          </div>
          <div
            class="single-checkbox"
          >
            <label
              for="lake"
            >
              lake
            </label>
            <div>
              <label>
                <input
                  name="lake"
                  type="checkbox"
                  value="lake"
                />
              </label>
            </div>
          </div>
          <div
            class="single-checkbox"
          >
            <label
              for="mountains"
            >
              mountains
            </label>
            <div>
              <label>
                <input
                  name="mountains"
                  type="checkbox"
                  value="mountains"
                />
              </label>
            </div>
          </div>
          <div
            class="single-checkbox"
          >
            <label
              for="swamp"
            >
              swamp
            </label>
            <div>
              <label>
                <input
                  name="swamp"
                  type="checkbox"
                  value="swamp"
                />
              </label>
            </div>
          </div>
          <div
            class="single-checkbox"
          >
            <label
              for="river"
            >
              river
            </label>
            <div>
              <label>
                <input
                  name="river"
                  type="checkbox"
                  value="river"
                />
              </label>
            </div>
          </div>
          <div
            class="single-checkbox"
          >
            <label
              for="urban"
            >
              urban
            </label>
            <div>
              <label>
                <input
                  name="urban"
                  type="checkbox"
                  value="urban"
                />
              </label>
            </div>
          </div>
        </div>
        <div>
          <a
            href="/designations-explanation"
          >
            What are these?
          </a>
          <div
            class="single-checkbox"
          >
            <label
              for="All-American Road"
            >
              All-American Road
            </label>
            <div>
              <label>
                <input
                  name="All-American Road"
                  type="checkbox"
                  value="All-American Road"
                />
              </label>
            </div>
          </div>
          <div
            class="single-checkbox"
          >
            <label
              for="National Scenic Byway"
            >
              National Scenic Byway
            </label>
            <div>
              <label>
                <input
                  name="National Scenic Byway"
                  type="checkbox"
                  value="National Scenic Byway"
                />
              </label>
            </div>
          </div>
        </div>
        <button
          type="submit"
        >
          Submit
        </button>
      </form>
    </div>
  </div>
</DocumentFragment>
`;
