// Jest Snapshot v1, https://goo.gl/fbAQLP

exports[`matches snapshot 1`] = `
<DocumentFragment>
  <div>
    <textarea>
      Just some text
    </textarea>
    <p>
      Maximum length: 
      <br />
      14/
    </p>
  </div>
</DocumentFragment>
`;
