// Jest Snapshot v1, https://goo.gl/fbAQLP

exports[`matches snapshot 1`] = `
<DocumentFragment>
  <nav>
    <ul
      class="pagination pagination-lg"
    >
      <li
        class="page-item"
      >
        <a
          class="page-link"
          href="#"
        >
          Previous
        </a>
      </li>
      <li
        class="page-item"
      >
        <a
          class="page-link"
          href="#"
        >
          1
        </a>
      </li>
      <li
        class="page-item"
      >
        <a
          class="page-link"
          href="#"
        >
          2
        </a>
      </li>
      <li
        class="page-item"
      >
        <a
          class="page-link"
          href="#"
        >
          3
        </a>
      </li>
      <li
        class="page-item"
      >
        <a
          href="#"
        >
          Next
        </a>
      </li>
    </ul>
  </nav>
</DocumentFragment>
`;
