// Jest Snapshot v1, https://goo.gl/fbAQLP

exports[`matches snapshot 1`] = `
<DocumentFragment>
  <a
    href="/states/undefined"
  >
    <h3 />
    <h4 />
  </a>
</DocumentFragment>
`;
